// Jest Snapshot v1, https://goo.gl/fbAQLP

exports[`add site config Validates configs with unsupported options 1`] = `"config is not defined"`;

exports[`add site config allow you to add basic site config 1`] = `
Object {
  "plugins": Array [],
  "siteMetadata": Object {
    "title": "yo testing",
  },
}
`;
