// Jest Snapshot v1, https://goo.gl/fbAQLP

exports[`JavaScript page creator Creates paths 1`] = `
Array [
  "/b/c/de/",
  "/bee/",
  "/b/d/c/",
]
`;
